---
source: wgsl_bindgen/src/generate/entry.rs
---

