---
source: wgsl_bindgen/src/generate/shader_module.rs
---

