---
source: wgsl_bindgen/src/generate/consts.rs
---

